RESTRICTION RESULTS: {
  "error": {
    "code": 400,
    "message": "Invalid JSON payload received. Unknown name \"circle\" at 'location_restriction': Cannot find field.",
    "status": "INVALID_ARGUMENT",
    "details": [
      {
        "@type": "type.googleapis.com/google.rpc.BadRequest",
        "fieldViolations": [
          {
            "field": "location_restriction",
            "description": "Invalid JSON payload received. Unknown name \"circle\" at 'location_restriction': Cannot find field."
          }
        ]
      }
    ]
  }
}
BIAS RESULTS: {
  "places": [
    {
      "id": "ChIJE_xX55SbOzoRmkV2EoKHq5U",
      "formattedAddress": "H9G5+5H6, Maharanipeta, Bobbili, Andhra Pradesh 535558, India",
      "displayName": {
        "text": "Lokabandhu Function Hall",
        "languageCode": "en"
      }
    },
    {
      "id": "ChIJV-84e5abOzoRynchiQjm5tw",
      "formattedAddress": "H9F7+VCC, Gonavari Street, Maharanipeta, Bobbili, Andhra Pradesh 535573, India",
      "displayName": {
        "text": "BODDUVARI FUNCTION HALL",
        "languageCode": "en"
      }
    },
    {
      "id": "ChIJTyqRjcKbOzoRYbPv7oCmgiQ",
      "formattedAddress": "H8CX+5HP, Naidu Colony, Bobbili, Andhra Pradesh 535558, India",
      "displayName": {
        "text": "Velama Community Function Hall",
        "languageCode": "en"
      }
    },
    {
      "id": "ChIJ27RoSdabOzoRV3ENb4w4JPM",
      "formattedAddress": "H9F4+HVF, Maharanipeta, Bobbili, Andhra Pradesh 535558, India",
      "displayName": {
        "text": "Brundavanam Function hall",
        "languageCode": "en"
      }
    },
    {
      "id": "ChIJP1ksTACbOzoR342Z5hJI5fc",
      "formattedAddress": "200/8A1, Gollapalli, Bobbili, Vizianagaram, Andhra Pradesh 535573, India",
      "displayName": {
        "text": "Parinayam function hall",
        "languageCode": "en"
      }
    },
    {
      "id": "ChIJj5J2eT6bOzoRdkRXE6_Lw-U",
      "formattedAddress": "Old Bobbili Rd, opp. TBR Cinemas, Old Bobbili, Patha Bobbili Rural, Andhra Pradesh 535573, India",
      "displayName": {
        "text": "Sai TBR Conventions and Hotels",
        "languageCode": "en"
      }
    },
    {
      "id": "ChIJCceyiWabOzoR5km8zqJ2zqs",
      "formattedAddress": "Gollapalli bypass road, near HP Petrol bunk, Maharanipeta, Bobbili, Andhra Pradesh 535558, India",
      "displayName": {
        "text": "Parinayam Conventions & Rooms A/C",
        "languageCode": "en"
      }
    },
    {
      "id": "ChIJ5e3lvOibOzoRYPqdrH1bs8g",
      "formattedAddress": "Railway Station Rd, Old City, Bobbili, Andhra Pradesh 535559, India",
      "displayName": {
        "text": "sri surya residency a/c",
        "languageCode": "en"
      }
    },
    {
      "id": "ChIJRbAGHoWbOzoR2eBZHFOa3ns",
      "formattedAddress": "H9F6+89G, SH 109, Maharanipeta, Bobbili, Andhra Pradesh 535573, India",
      "displayName": {
        "text": "Kalinga vysya kalyana Mandapam",
        "languageCode": "en"
      }
    },
    {
      "id": "ChIJt_tnTwCbOzoRq_RlLAV6Nwc",
      "formattedAddress": "H9M4+63M, Bobbili, Venkatarayudu Peta, Andhra Pradesh 535573, India",
      "displayName": {
        "text": "My function hall",
        "languageCode": "en"
      }
    }
  ]
}
